#-----------------------------------------------------------
# Vivado v2018.3_AR71948 (64-bit)
# SW Build 2405991 on Thu Dec  6 23:36:41 MST 2018
# IP Build 2404404 on Fri Dec  7 01:43:56 MST 2018
# Start of session at: Mon Oct 14 16:01:00 2019
# Process ID: 3299
# Current directory: /media/wei/DATA/LW/Project/Vivado_Project/IP_Cores_PanoSETI/wr_cores_panoseti/wr-cores-Quabo/syn/wrc_board_quabo_ip/wrc_board_quabo_ip.runs/synth_2
# Command line: vivado -log wrc_board_quabo.vds -product Vivado -mode batch -messageDb vivado.pb -notrace -source wrc_board_quabo.tcl
# Log file: /media/wei/DATA/LW/Project/Vivado_Project/IP_Cores_PanoSETI/wr_cores_panoseti/wr-cores-Quabo/syn/wrc_board_quabo_ip/wrc_board_quabo_ip.runs/synth_2/wrc_board_quabo.vds
# Journal file: /media/wei/DATA/LW/Project/Vivado_Project/IP_Cores_PanoSETI/wr_cores_panoseti/wr-cores-Quabo/syn/wrc_board_quabo_ip/wrc_board_quabo_ip.runs/synth_2/vivado.jou
#-----------------------------------------------------------
source wrc_board_quabo.tcl -notrace
